<testsuites name="results">
  <testsuite name="all" package="all">
    <property name="random_seed" value="1749806555" />
    <testcase name="multiplier_test" classname="serial_multiplier_tb" file="/home/veddesh/cocotb-new-version-tool/serial_multiplier_tb.py" lineno="15" time="0.12701034545898438" sim_time_ns="38670.001" ratio_time="304463.39516876405" />
  </testsuite>
</testsuites>
